=== RUN   TestCreateAreaHandler_Success
[GIN] 2026/02/22 - 15:13:58 | 201 |            0s |                 | POST     "/api/areas"
--- PASS: TestCreateAreaHandler_Success (0.00s)
=== RUN   TestListAreasHandler_Success
[GIN] 2026/02/22 - 15:13:58 | 200 |            0s |                 | GET      "/api/areas"
--- PASS: TestListAreasHandler_Success (0.00s)
=== RUN   TestCheckLocationHandler_Success
[GIN] 2026/02/22 - 15:13:58 | 200 |            0s |                 | GET      "/api/areas/check?lat=-6.2297&lng=106.8159"
--- FAIL: TestCheckLocationHandler_Success (0.00s)
panic: interface conversion: interface {} is nil, not []interface {} [recovered]
	panic: interface conversion: interface {} is nil, not []interface {}

goroutine 9 [running]:
testing.tRunner.func1.2({0x128f000, 0xc0001ef830})
	C:/Program Files/Go/src/testing/testing.go:1734 +0x219
testing.tRunner.func1()
	C:/Program Files/Go/src/testing/testing.go:1737 +0x359
panic({0x128f000?, 0xc0001ef830?})
	C:/Program Files/Go/src/runtime/panic.go:792 +0x132
geoaccuracy-backend/internal/api/handlers_test.TestCheckLocationHandler_Success(0xc0002121c0)
	E:/antigraviti google/project_putra/geoverify-logistics/backend/internal/api/handlers/area_handler_test.go:165 +0x485
testing.tRunner(0xc0002121c0, 0x13ab1d8)
	C:/Program Files/Go/src/testing/testing.go:1792 +0xcb
created by testing.(*T).Run in goroutine 1
	C:/Program Files/Go/src/testing/testing.go:1851 +0x3f6
FAIL	geoaccuracy-backend/internal/api/handlers	0.134s
FAIL
